25
AAAAAAAAAAAAAAAAAAAAAAAAA:11
AAAAAAAAAAAAAAAAAAAAAAAAC:6
AAAAAAAAAAAAAAAAAAAAAAAAG:9
AAAAAAAAAAAAAAAAAAAAAAAAT:8
AAAAAAAAAAAAAAAAAAAAAAACT:6
AAAAAAAAAAAAAAAAAAAAAAAGC:9
AAAAAAAAAAAAAAAAAAAAAAATA:8
AAAAAAAAAAAAAAAAAAAAAACTG:6
AAAAAAAAAAAAAAAAAAAAAAGCA:9
AAAAAAAAAAAAAAAAAAAAAATAT:8
AAAAAAAAAAAAAAAAAAAAACTGC:6
AAAAAAAAAAAAAAAAAAAAAGCAC:9
AAAAAAAAAAAAAAAAAAAAATATC:8
AAAAAAAAAAAAAAAAAAAACTGCA:6
AAAAAAAAAAAAAAAAAAAAGCACT:9
AAAAAAAAAAAAAAAAAAAATATCA:8
AAAAAAAAAAAAAAAAAAACTGCAG:6
AAAAAAAAAAAAAAAAAAAGCACTA:9
AAAAAAAAAAAAAAAAAAATATCAT:8
AAAAAAAAAAAAAAAAAACTGCAGG:6
AAAAAAAAAAAAAAAAAAGCACTAG:9
AAAAAAAAAAAAAAAAAATATCATT:8
AAAAAAAAAAAAAAAAACTGCAGGG:6
AAAAAAAAAAAAAAAAAGCACTAGC:9
AAAAAAAAAAAAAAAAATATCATTA:8
AAAAAAAAAAAAAAAACTGCAGGGA:6
AAAAAAAAAAAAAAAAGCACTAGCG:9
AAAAAAAAAAAAAAAATATCATTAA:8
AAAAAAAAAAAAAAACTGCAGGGAC:6
AAAAAAAAAAAAAAAGCACTAGCGT:9
AAAAAAAAAAAAAAATATCATTAAT:8
AAAAAAAAAAAAAACTGCAGGGACT:6
AAAAAAAAAAAAAAGCACTAGCGTC:9
AAAAAAAAAAAAAATATCATTAATA:8
AAAAAAAAAAAAACTGCAGGGACTC:6
AAAAAAAAAAAAAGCACTAGCGTCA:9
AAAAAAAAAAAAATATCATTAATAA:8
AAAAAAAAAAAACTGCAGGGACTCC:6
AAAAAAAAAAAAGCACTAGCGTCAG:9
AAAAAAAAAAAATATCATTAATAAG:8
AAAAAAAAAAACTGCAGGGACTCCG:6
AAAAAAAAAAAGCACTAGCGTCAGG:9
AAAAAAAAAAATATCATTAATAAGG:8
AAAAAAAAAACTGCAGGGACTCCGA:6
AAAAAAAAAAGCACTAGCGTCAGGT:9
AAAAAAAAAATATCATTAATAAGGA:8
AAAAAAAAACTGCAGGGACTCCGAC:6
AAAAAAAAAGCACTAGCGTCAGGTA:9
AAAAAAAAATATCATTAATAAGGAT:8
AAAAAAAACTGCAGGGACTCCGACG:6
AAAAAAAAGCACTAGCGTCAGGTAC:9
AAAAAAAATATCATTAATAAGGATA:8
AAAAAAACTGCAGGGACTCCGACGT:6
AAAAAAAGCACTAGCGTCAGGTACG:9
AAAAAAATATCATTAATAAGGATAT:8
AAAAAACTGCAGGGACTCCGACGTT:6
AAAAAAGCACTAGCGTCAGGTACGC:9
AAAAAATATCATTAATAAGGATATT:8
AAAAACTGCAGGGACTCCGACGTTA:6
AAAAAGCACTAGCGTCAGGTACGCT:9
AAAAATATCATTAATAAGGATATTG:8
AAAACATTCTTGGCAAAGACCCGGA:5
AAAACTGCAGGGACTCCGACGTTAT:6
AAAAGCACTAGCGTCAGGTACGCTA:9
AAAATATCATTAATAAGGATATTGG:8
AAACATTCTTGGCAAAGACCCGGAA:5
AAACTATAGTAGAGATAAAAAAAAA:8
AAACTGCAGGGACTCCGACGTTATG:6
AAAGACCCGGAATGAGCCGGCCTAT:5
AAAGCACTAGCGTCAGGTACGCTAG:9
AAATATCATTAATAAGGATATTGGA:8
AAATATTATCTCATTATATAAATTG:7
AAATGCCAAGAATGTTTTCATTAAA:8
AAATGTATTATATTGCCATTGCACT:7
AAATTGCAGCCTTGCCGGTCAGGGT:7
AACAAGGCCATTACGAATTCTTCAT:4
AACATTCTTGGCAAAGACCCGGAAT:5
AACCACAACAAGGCCATTACGAATT:4
AACCCATCAACCTGTACGGGAACTA:2
AACCTGTACGGGAACTAAAAAAAAA:2
AACGATATAGAATTGGACCGGCGCA:3
AACGCATACTAGCGTACCTGACGCT:9
AACGTACATAACGTCGGAGTCCCTG:6
AACTAAAAAAAAAAAAAAAAAAAAA:2
AACTAGTTAGCATGCCAGAGTAGAT:1
AACTAGTTAGCATGCCTAACCCATC:2
AACTATAGTAGAGATAAAAAAAAAA:8
AACTATGAAGAATTCGTAATGGCCT:4
AACTGCAGGGACTCCGACGTTATGT:6
AACTTACGGCAAATATTATCTCATT:7
AAGAACGCATACTAGCGTACCTGAC:9
AAGAATGTTTTCATTAAACTATAGT:8
AAGAATTCGTAATGGCCTTGTTGTG:4
AAGACCCGGAATGAGCCGGCCTATG:5
AAGACCCTGACCGGCAAGGCTGCAA:7
AAGAGCTTAAGGCTCGCCAATTCGC:9
AAGCACTAGCGTCAGGTACGCTAGT:9
AAGGAAGAACGCATACTAGCGTACC:9
AAGGATATTGGAAAGATTCATAGGC:8
AAGGCCATTACGAATTCTTCATAGT:4
AAGGCTCGCCAATTCGCAAAAAAAA:9
AAGGCTGCAATTTATATAATGAGAT:7
AAGTTCTAGTGCAATGGCAATATAA:7
AATAAGGATATTGGAAAGATTCATA:8
AATATCATTAATAAGGATATTGGAA:8
AATATTATCTCATTATATAAATTGC:7
AATATTTGCCGTAAGTTCTAGTGCA:7
AATCTTTCCAATATCCTTATTAATG:8
AATGAAAACATTCTTGGCAAAGACC:5
AATGAGCCGGCCTATGTGACAGAAA:5
AATGCCAAGAATGTTTTCATTAAAC:8
AATGGCCTTGTTGTGGTTCCACCCT:4
AATGTATTATATTGCCATTGCACTA:7
AATGTTTTCATTAAACTATAGTAGA:8
AATTCGCAAAAAAAAAAAAAAAAAA:9
AATTCTATATCGTTCTCGGACGGAG:3
AATTGCAGCCTTGCCGGTCAGGGTC:7
AATTTATATAATGAGATAATATTTG:7
ACAAATGTATTATATTGCCATTGCA:7
ACAACAAGGCCATTACGAATTCTTC:4
ACAAGGCCATTACGAATTCTTCATA:4
ACAGGTTGATGGGTTAGGCATGCTA:2
ACAGTTTCTGTCACATAGGCCGGCT:5
ACATACCCCTGGAAGGAAGAACGCA:9
ACATAGGCCGGCTCATTCCGGGTCT:5
ACATTCTTGGCAAAGACCCGGAATG:5
ACCACAACAAGGCCATTACGAATTC:4
ACCCATCAACCTGTACGGGAACTAA:2
ACCCCTGGAAGGAAGAACGCATACT:9
ACCCGGAATGAGCCGGCCTATGTGA:5
ACCCTATCGGGGCATCGGCTGATGC:4
ACCGGCAAGGCTGCAATTTATATAA:7
ACCGGGCGCTTGCACAGTTTCTGTC:5
ACCTGTACGGGAACTAAAAAAAAAA:2
ACGATATAGAATTGGACCGGCGCAA:3
ACGCATACTAGCGTACCTGACGCTA:9
ACGCTAGTATGCGTTCTTCCTTCCA:9
ACGGAGAGTCGGGGCATCGGCTGAT:3
ACGGCAAATATTATCTCATTATATA:7
ACGGGAACTAAAAAAAAAAAAAAAA:2
ACGTACATAACGTCGGAGTCCCTGC:6
ACTAAAAAAAAAAAAAAAAAAAAAA:2
ACTAGAACTTACGGCAAATATTATC:7
ACTAGCGTCAGGTACGCTAGTATGC:9
ACTAGTTAGCATGCCAGAGTAGATG:1
ACTAGTTAGCATGCCTAACCCATCA:2
ACTATAGTAGAGATAAAAAAAAAAA:8
ACTCCAGATGACTGCAGGGACTCCA:1
ACTCCGACGTTATGTACGTTGCTCC:6
ACTCTCCGTCCGAGAACGATATAGA:3
ACTGCAGGGACTCCAGATGACTGCA:1
ACTGCAGGGACTCCGACGTTATGTA:6
ACTTACGGCAAATATTATCTCATTA:7
AGAACGATATAGAATTGGACCGGCG:3
AGAACGCATACTAGCGTACCTGACG:9
AGAACTTACGGCAAATATTATCTCA:7
AGAATGTTTTCATTAAACTATAGTA:8
AGAATTCGTAATGGCCTTGTTGTGG:4
AGAATTGGACCGGCGCAAGACGGAC:3
AGAGATAAAAAAAAAAAAAAAAAAA:8
AGAGCTTAAGGCTCGCCAATTCGCA:9
AGAGTAGATGACTGCAGGGACTCCA:1
AGAGTCGGGGCATCGGCTGATGCGG:3
AGATAAAAAAAAAAAAAAAAAAAAA:8
AGATAATATTTGCCGTAAGTTCTAG:7
AGATGACTGCAGGGACTCCAGATGA:1
AGCAACGTACATAACGTCGGAGTCC:6
AGCACTAGCGTCAGGTACGCTAGTA:9
AGCATGCCAGAGTAGATGACTGCAG:1
AGCATGCCTAACCCATCAACCTGTA:2
AGCCGATGCCCCGACTCTCCGTCCG:3
AGCCGATGCCCCGATAGGGTGGAAC:4
AGCCTTGCCGGTCAGGGTCTTCACG:7
AGCTTAAGGCTCGCCAATTCGCAAA:9
AGGAAGAACGCATACTAGCGTACCT:9
AGGATATTGGAAAGATTCATAGGCC:8
AGGCCGGCTCATTCCGGGTCTTTGC:5
AGGCCTATGAATCTTTCCAATATCC:8
AGGCTCGCCAATTCGCAAAAAAAAA:9
AGGCTGCAATTTATATAATGAGATA:7
AGGGACTCCAGATGACTGCAGGGAC:1
AGGGACTCCGACGTTATGTACGTTG:6
AGGTTGATGGGTTAGGCATGCTAAC:2
AGTAGAGATAAAAAAAAAAAAAAAA:8
AGTAGATGACTGCAGGGACTCCAGA:1
AGTCATCTACTCTGGCATGCTAACT:1
AGTCCCTGCAGTCATCTACTCTGGC:1
AGTCCCTGCAGTCATCTGGAGTCCC:1
AGTCGGGGCATCGGCTGATGCGGAG:3
AGTTAGCATGCCTAACCCATCAACC:2
AGTTCCCGTACAGGTTGATGGGTTA:2
AGTTTCTGTCACATAGGCCGGCTCA:5
ATAAAAAAAAAAAAAAAAAAAAAAA:8
ATAAATTGCAGCCTTGCCGGTCAGG:7
ATAAGGATATTGGAAAGATTCATAG:8
ATAATATTTGCCGTAAGTTCTAGTG:7
ATAATGAGATAATATTTGCCGTAAG:7
ATACCCCTGGAAGGAAGAACGCATA:9
ATACTAGCGTACCTGACGCTAGTGC:9
ATAGAATTGGACCGGCGCAAGACGG:3
ATAGGGTGGAACCACAACAAGGCCA:4
ATAGTAGAGATAAAAAAAAAAAAAA:8
ATAGTTTAATGAAAACATTCTTGGC:8
ATATAAATTGCAGCCTTGCCGGTCA:7
ATATAATGAGATAATATTTGCCGTA:7
ATATAGAATTGGACCGGCGCAAGAC:3
ATATCATTAATAAGGATATTGGAAA:8
ATATCGTTCTCGGACGGAGAGTCGG:3
ATATTATCTCATTATATAAATTGCA:7
ATATTGCCATTGCACTAGAACTTAC:7
ATATTGGAAAGATTCATAGGCCTCC:8
ATATTTGCCGTAAGTTCTAGTGCAA:7
ATCAACCTGTACGGGAACTAAAAAA:2
ATCAGCCGATGCCCCGATAGGGTGG:4
ATCATTAATAAGGATATTGGAAAGA:8
ATCGGGGCATCGGCTGATGCGGAGG:4
ATCGTTCTCGGACGGAGAGTCGGGG:3
ATCTCTACTATAGTTTAATGAAAAC:8
ATCTGGAGTCCCTGCAGTCATCTAC:1
ATCTGGAGTCCCTGCAGTCATCTGG:1
ATCTTTCCAATATCCTTATTAATGA:8
ATGAAAACATTCTTGGCAAAGACCC:5
ATGAATCTTTCCAATATCCTTATTA:8
ATGACTGCAGGGACTCCAGATGACT:1
ATGAGATAATATTTGCCGTAAGTTC:7
ATGAGCCGGCCTATGTGACAGAAAC:5
ATGCCAAGAATGTTTTCATTAAACT:8
ATGCCAGAGTAGATGACTGCAGGGA:1
ATGCCCCGACTCTCCGTCCGAGAAC:3
ATGCCCCGATAGGGTGGAACCACAA:4
ATGCCGTCTTCTGCTTGAAAAAAAA:6
ATGCCTAACCCATCAACCTGTACGG:2
ATGCGTTCTTCCTTCCAGGGGTATG:9
ATGGCCTTGTTGTGGTTCCACCCTA:4
ATGGGTTAGGCATGCTAACTAGTTA:2
ATGTATTATATTGCCATTGCACTAG:7
ATGTGACAGAAACTGTGCAAGCGCC:5
ATGTTTTCATTAAACTATAGTAGAG:8
ATTAAACTATAGTAGAGATAAAAAA:8
ATTAATAAGGATATTGGAAAGATTC:8
ATTATATAAATTGCAGCCTTGCCGG:7
ATTATATTGCCATTGCACTAGAACT:7
ATTATCTCATTATATAAATTGCAGC:7
ATTCGCAAAAAAAAAAAAAAAAAAA:9
ATTCGTAATGGCCTTGTTGTGGTTC:4
ATTCTATATCGTTCTCGGACGGAGA:3
ATTCTTGGCAAAGACCCGGAATGAG:5
ATTGCACTAGAACTTACGGCAAATA:7
ATTGCAGCCTTGCCGGTCAGGGTCT:7
ATTGCCATTGCACTAGAACTTACGG:7
ATTGGAAAGATTCATAGGCCTCCAC:8
ATTTATATAATGAGATAATATTTGC:7
ATTTGCCGTAAGTTCTAGTGCAATG:7
CAAAAAAAAAAAAAAAAAAAAAAAA:9
CAAAGACCCGGAATGAGCCGGCCTA:5
CAAATGTATTATATTGCCATTGCAC:7
CAACAAGGCCATTACGAATTCTTCA:4
CAACCTGTACGGGAACTAAAAAAAA:2
CAACTATGAAGAATTCGTAATGGCC:4
CAAGAATGTTTTCATTAAACTATAG:8
CAAGGCCATTACGAATTCTTCATAG:4
CAAGGCTGCAATTTATATAATGAGA:7
CAATTCGCAAAAAAAAAAAAAAAAA:9
CAATTCTATATCGTTCTCGGACGGA:3
CACAGTTTCTGTCACATAGGCCGGC:5
CACATACCCCTGGAAGGAAGAACGC:9
CACATAGGCCGGCTCATTCCGGGTC:5
CACCCTATCGGGGCATCGGCTGATG:4
CACTAGCGTCAGGTACGCTAGTATG:9
CAGAGTAGATGACTGCAGGGACTCC:1
CAGCCGATGCCCCGACTCTCCGTCC:3
CAGCCGATGCCCCGATAGGGTGGAA:4
CAGCCTTGCCGGTCAGGGTCTTCAC:7
CAGGGACTCCAGATGACTGCAGGGA:1
CAGGTACGCTAGTATGCGTTCTTCC:9
CAGGTTGATGGGTTAGGCATGCTAA:2
CAGTCATCTACTCTGGCATGCTAAC:1
CAGTCATCTGGAGTCCCTGCAGTCA:1
CAGTTTCTGTCACATAGGCCGGCTC:5
CATCAACCTGTACGGGAACTAAAAA:2
CATCAGCCGATGCCCCGACTCTCCG:3
CATCTGGAGTCCCTGCAGTCATCTA:1
CATCTGGAGTCCCTGCAGTCATCTG:1
CATGCCAGAGTAGATGACTGCAGGG:1
CATGCCTAACCCATCAACCTGTACG:2
CATTAAACTATAGTAGAGATAAAAA:8
CATTATATAAATTGCAGCCTTGCCG:7
CATTCTTGGCAAAGACCCGGAATGA:5
CCAAGAATGTTTTCATTAAACTATA:8
CCAATTCGCAAAAAAAAAAAAAAAA:9
CCAATTCTATATCGTTCTCGGACGG:3
CCAGAGTAGATGACTGCAGGGACTC:1
CCATCAACCTGTACGGGAACTAAAA:2
CCATTACGAATTCTTCATAGTTGAC:4
CCATTGCACTAGAACTTACGGCAAA:7
CCCATCAACCTGTACGGGAACTAAA:2
CCCCGATAGGGTGGAACCACAACAA:4
CCCCTGGAAGGAAGAACGCATACTA:9
CCCGACTCTCCGTCCGAGAACGATA:3
CCCGATAGGGTGGAACCACAACAAG:4
CCCGGAATGAGCCGGCCTATGTGAC:5
CCCGTACAGGTTGATGGGTTAGGCA:2
CCCTATCGGGGCATCGGCTGATGCG:4
CCCTCCGCATCAGCCGATGCCCCGA:10
CCCTGACCGGCAAGGCTGCAATTTA:7
CCCTGCAGTCATCTGGAGTCCCTGC:1
CCCTGGAAGGAAGAACGCATACTAG:9
CCGAGAACGATATAGAATTGGACCG:3
CCGATGCCCCGACTCTCCGTCCGAG:3
CCGATGCCCCGATAGGGTGGAACCA:4
CCGGAATGAGCCGGCCTATGTGACA:5
CCGGCCTATGTGACAGAAACTGTGC:5
CCGGCTCATTCCGGGTCTTTGCCAA:5
CCGGGCGCTTGCACAGTTTCTGTCA:5
CCGGGTCTTTGCCAAGAATGTTTTC:5
CCGGTCCAATTCTATATCGTTCTCG:3
CCGTCTTCTGCTTGAAAAAAAAAAA:6
CCTAACCCATCAACCTGTACGGGAA:2
CCTATCGGGGCATCGGCTGATGCGG:4
CCTATGAATCTTTCCAATATCCTTA:8
CCTATGTGACAGAAACTGTGCAAGC:5
CCTCCGCATCAGCCGATGCCCCGAC:3
CCTGCAGTCATCTACTCTGGCATGC:1
CCTGCAGTCATCTGGAGTCCCTGCA:1
CCTGGAAGGAAGAACGCATACTAGC:9
CCTGTACGGGAACTAAAAAAAAAAA:2
CCTTGTTGTGGTTCCACCCTATCGG:4
CGACTCTCCGTCCGAGAACGATATA:3
CGATAGGGTGGAACCACAACAAGGC:4
CGATGCCCCGACTCTCCGTCCGAGA:3
CGATGCCCCGATAGGGTGGAACCAC:4
CGCAAAAAAAAAAAAAAAAAAAAAA:9
CGCATCAGCCGATGCCCCGACTCTC:3
CGCCAATTCGCAAAAAAAAAAAAAA:9
CGCGTAACTAGTTAGCATGCCTAAC:2
CGGCAAATATTATCTCATTATATAA:7
CGGCCTATGTGACAGAAACTGTGCA:5
CGGGAACTAAAAAAAAAAAAAAAAA:2
CGGGCGCTTGCACAGTTTCTGTCAC:5
CGGGTCTTTGCCAAGAATGTTTTCA:5
CGTAACTAGTTAGCATGCCTAACCC:2
CGTAAGTTCTAGTGCAATGGCAATA:7
CGTAATGGCCTTGTTGTGGTTCCAC:4
CGTACATAACGTCGGAGTCCCTGCA:6
CGTCCGAGAACGATATAGAATTGGA:3
CGTCTTCTGCTTGAAAAAAAAAAAA:6
CGTCTTGCGCCGGTCCAATTCTATA:3
CGTTCTCGGACGGAGAGTCGGGGCA:3
CTAAAAAAAAAAAAAAAAAAAAAAA:2
CTAACCCATCAACCTGTACGGGAAC:2
CTACTATAGTTTAATGAAAACATTC:8
CTAGCGTCAGGTACGCTAGTATGCG:9
CTAGTTAGCATGCCAGAGTAGATGA:1
CTAGTTAGCATGCCTAACCCATCAA:2
CTATAGTAGAGATAAAAAAAAAAAA:8
CTATATCGTTCTCGGACGGAGAGTC:3
CTATCGGGGCATCGGCTGATGCGGA:4
CTATGTGACAGAAACTGTGCAAGCG:5
CTCATTATATAAATTGCAGCCTTGC:7
CTCCAGATGACTGCAGGGACTCCAG:1
CTCCGCATCAGCCGATGCCCCGATA:4
CTCGCCAATTCGCAAAAAAAAAAAA:9
CTCTCCGTCCGAGAACGATATAGAA:3
CTGACCGGCAAGGCTGCAATTTATA:7
CTGCAATTTATATAATGAGATAATA:7
CTGCAGGGACTCCGACGTTATGTAC:6
CTGCAGTCATCTGGAGTCCCTGCAG:1
CTGCTTGAAAAAAAAAAAAAAAAAA:6
CTGGAAGGAAGAACGCATACTAGCG:9
CTGGAGTCCCTGCAGTCATCTACTC:1
CTGTACGGGAACTAAAAAAAAAAAA:2
CTGTCACATAGGCCGGCTCATTCCG:5
CTTAAGGCTCGCCAATTCGCAAAAA:9
CTTCTGCTTGAAAAAAAAAAAAAAA:6
CTTGAAAAAAAAAAAAAAAAAAAAA:6
CTTGCACAGTTTCTGTCACATAGGC:5
CTTGCGCCGGTCCAATTCTATATCG:3
CTTGGCAAAGACCCGGAATGAGCCG:5
CTTTCCAATATCCTTATTAATGATA:8
GAACGATATAGAATTGGACCGGCGC:3
GAACGCATACTAGCGTACCTGACGC:9
GAAGGAAGAACGCATACTAGCGTAC:9
GACTCCAGATGACTGCAGGGACTCC:1
GACTCCGACGTTATGTACGTTGCTC:6
GACTGCAGGGACTCCAGATGACTGC:1
GAGAACGATATAGAATTGGACCGGC:3
GAGTCCCTGCAGTCATCTGGAGTCC:1
GATAGGGTGGAACCACAACAAGGCC:4
GATATTGGAAAGATTCATAGGCCTC:8
GATGACTGCAGGGACTCCAGATGAC:1
GCAACGTACATAACGTCGGAGTCCC:6
GCATCAGCCGATGCCCCGACTCTCC:3
GCATGCCTAACCCATCAACCTGTAC:2
GCCGATGCCCCGATAGGGTGGAACC:4
GCGTAACTAGTTAGCATGCCTAACC:2
GGCAAAGACCCGGAATGAGCCGGCC:5
GTAATGGCCTTGTTGTGGTTCCACC:4
GTCCAATTCTATATCGTTCTCGGAC:3
TAAAAAAAAAAAAAAAAAAAAAAAA:12
TAAACTATAGTAGAGATAAAAAAAA:8
TAAGGCTCGCCAATTCGCAAAAAAA:9
TAAGTTCTAGTGCAATGGCAATATA:7
TAATATTTGCCGTAAGTTCTAGTGC:7
TAATGAAAACATTCTTGGCAAAGAC:5
TAATGGCCTTGTTGTGGTTCCACCC:4
TACCCCTGGAAGGAAGAACGCATAC:9
TACGCTAGTATGCGTTCTTCCTTCC:9
TACGGGAACTAAAAAAAAAAAAAAA:2
TAGAACTTACGGCAAATATTATCTC:7
TAGAATTGGACCGGCGCAAGACGGA:3
TAGAGATAAAAAAAAAAAAAAAAAA:8
TAGCATGCCAGAGTAGATGACTGCA:1
TAGTAGAGATAAAAAAAAAAAAAAA:8
TAGTTAGCATGCCAGAGTAGATGAC:1
TAGTTAGCATGCCTAACCCATCAAC:2
TAGTTTAATGAAAACATTCTTGGCA:8
TATAATGAGATAATATTTGCCGTAA:7
TATAGTAGAGATAAAAAAAAAAAAA:8
TATATAAATTGCAGCCTTGCCGGTC:7
TATCTCTACTATAGTTTAATGAAAA:8
TATGCCGTCTTCTGCTTGAAAAAAA:6
TATGTGACAGAAACTGTGCAAGCGC:5
TATTATATTGCCATTGCACTAGAAC:7
TATTGGAAAGATTCATAGGCCTCCA:8
TCAACCTGTACGGGAACTAAAAAAA:2
TCAACTATGAAGAATTCGTAATGGC:4
TCAGCCGATGCCCCGACTCTCCGTC:3
TCAGCCGATGCCCCGATAGGGTGGA:4
TCAGGTACGCTAGTATGCGTTCTTC:9
TCATTAAACTATAGTAGAGATAAAA:8
TCATTATATAAATTGCAGCCTTGCC:7
TCCAGATGACTGCAGGGACTCCAGA:1
TCCCGTACAGGTTGATGGGTTAGGC:2
TCCGAGAACGATATAGAATTGGACC:3
TCCGCATCAGCCGATGCCCCGACTC:3
TCGCAAAAAAAAAAAAAAAAAAAAA:9
TCGCCAATTCGCAAAAAAAAAAAAA:9
TCGGACGGAGAGTCGGGGCATCGGC:3
TCGTAATGGCCTTGTTGTGGTTCCA:4
TCGTGAAGACCCTGACCGGCAAGGC:7
TCGTTCTCGGACGGAGAGTCGGGGC:3
TCTAGTGCAATGGCAATATAATACA:7
TCTCTACTATAGTTTAATGAAAACA:8
TCTGCTTGAAAAAAAAAAAAAAAAA:6
TCTGTCACATAGGCCGGCTCATTCC:5
TCTTCTGCTTGAAAAAAAAAAAAAA:6
TCTTGCGCCGGTCCAATTCTATATC:3
TCTTGGCAAAGACCCGGAATGAGCC:5
TGAAGACCCTGACCGGCAAGGCTGC:7
TGCAGCCTTGCCGGTCAGGGTCTTC:7
TGCCAGAGTAGATGACTGCAGGGAC:1
TGCCATTGCACTAGAACTTACGGCA:7
TGCCCCGATAGGGTGGAACCACAAC:4
TGGCAAAGACCCGGAATGAGCCGGC:5
TGGGTTAGGCATGCTAACTAGTTAC:2
TGTGACAGAAACTGTGCAAGCGCCC:5
TGTGGTTCCACCCTATCGGGGCATC:4
TGTTGTGGTTCCACCCTATCGGGGC:4
TTAAACTATAGTAGAGATAAAAAAA:8
TTAAGGCTCGCCAATTCGCAAAAAA:9
TTAATAAGGATATTGGAAAGATTCA:8
TTAGCATGCCAGAGTAGATGACTGC:1
TTATCTCATTATATAAATTGCAGCC:7
TTATCTCTACTATAGTTTAATGAAA:8
TTCATTAAACTATAGTAGAGATAAA:8
TTCGCAAAAAAAAAAAAAAAAAAAA:9
TTCGTAATGGCCTTGTTGTGGTTCC:4
TTCTAGTGCAATGGCAATATAATAC:7
TTCTCGGACGGAGAGTCGGGGCATC:3
TTCTGCTTGAAAAAAAAAAAAAAAA:6
TTCTGTCACATAGGCCGGCTCATTC:5
TTCTTGGCAAAGACCCGGAATGAGC:5
TTGCACAGTTTCTGTCACATAGGCC:5
TTGCCATTGCACTAGAACTTACGGC:7
TTGCCGTAAGTTCTAGTGCAATGGC:7
TTGCGAATTGGCGAGCCTTAAGCTC:9
TTGGAAAGATTCATAGGCCTCCACC:8
TTTATATAATGAGATAATATTTGCC:7
TTTTGCGAATTGGCGAGCCTTAAGC:9
TTTTTTTTTCAAGCAGAAGACGGCA:6
TTTTTTTTTTCAAGCAGAAGACGGC:6
TTTTTTTTTTGCGAATTGGCGAGCC:9
TTTTTTTTTTTGCGAATTGGCGAGC:9
TTTTTTTTTTTTTAGTTCCCGTACA:2
TTTTTTTTTTTTTCAAGCAGAAGAC:6
TTTTTTTTTTTTTTAGTTCCCGTAC:2
TTTTTTTTTTTTTTTGCGAATTGGC:9
TTTTTTTTTTTTTTTTTATCTCTAC:8
TTTTTTTTTTTTTTTTTTAGTTCCC:2
TTTTTTTTTTTTTTTTTTTAGTTCC:2
TTTTTTTTTTTTTTTTTTTCAAGCA:6
TTTTTTTTTTTTTTTTTTTTAGTTC:2
TTTTTTTTTTTTTTTTTTTTATCTC:8
TTTTTTTTTTTTTTTTTTTTCAAGC:6
TTTTTTTTTTTTTTTTTTTTTTATC:8
TTTTTTTTTTTTTTTTTTTTTTCAA:6
TTTTTTTTTTTTTTTTTTTTTTTCA:6
TTTTTTTTTTTTTTTTTTTTTTTGC:9
TTTTTTTTTTTTTTTTTTTTTTTTC:6
1-1,
2-2,
3-3,
4-4,
5-5,
6-6,
7-7,
8-8,
9-9,
10-3,4,
11-2,6,8,9,
12-2,8,
